
Memory Configuration

Name             Origin             Length             Attributes
FLASH            0x08000000         0x00020000         xr
SRAM             0x20000000         0x00005000         xrw
*default*        0x00000000         0xffffffff

Linker script and memory map


.text           0x08000000      0x168
 *(.vectors*)
 .vectors       0x08000000       0x1c startup.o
                0x08000000                vectors
 *(.text*)
 .text          0x0800001c       0xbc startup.o
                0x0800001c                NMI_Handler
                0x0800001c                LL_Fault_Handler
                0x0800001c                MM_Fault_Handler
                0x0800001c                Usage_Fault_Handler
                0x0800001c                Default_Handler
                0x0800001c                MM_Bus
                0x08000028                Reset_Handler
 .text          0x080000d8       0x90 main.o
                0x080000d8                main
 *(.rodata)
                0x08000168                _E_text_ = .

.glue_7         0x08000168        0x0
 .glue_7        0x00000000        0x0 linker stubs

.glue_7t        0x08000168        0x0
 .glue_7t       0x00000000        0x0 linker stubs

.vfp11_veneer   0x08000168        0x0
 .vfp11_veneer  0x00000000        0x0 linker stubs

.v4_bx          0x08000168        0x0
 .v4_bx         0x00000000        0x0 linker stubs

.iplt           0x08000168        0x0
 .iplt          0x00000000        0x0 startup.o

.rel.dyn        0x08000168        0x0
 .rel.iplt      0x00000000        0x0 startup.o

.data           0x20000000        0x4 load address 0x08000168
                0x20000000                _S_DATA_ = .
 *(.data)
 .data          0x20000000        0x0 startup.o
 .data          0x20000000        0x4 main.o
                0x20000000                access_a
                0x20000004                . = ALIGN (0x4)
                0x20000004                _E_DATA_ = .

.igot.plt       0x20000004        0x0 load address 0x0800016c
 .igot.plt      0x00000000        0x0 startup.o

.bss            0x20000004     0x1000 load address 0x0800016c
                0x20000004                _S_BSS_ = .
 *(.bss)
 .bss           0x20000004        0x0 startup.o
 .bss           0x20000004        0x0 main.o
                0x20000004                . = ALIGN (0x4)
                0x20000004                _E_BSS_ = .
                0x20001004                . = (. + 0x1000)
 *fill*         0x20000004     0x1000 
                0x20001004                _stack_top = .
LOAD startup.o
LOAD main.o
OUTPUT(LEARN_IN_DEPTH_COTREX-M3.elf elf32-littlearm)

.debug_info     0x00000000      0x2b6
 .debug_info    0x00000000      0x172 startup.o
 .debug_info    0x00000172      0x144 main.o

.debug_abbrev   0x00000000      0x19b
 .debug_abbrev  0x00000000       0xc0 startup.o
 .debug_abbrev  0x000000c0       0xdb main.o

.debug_loc      0x00000000       0x9c
 .debug_loc     0x00000000       0x64 startup.o
 .debug_loc     0x00000064       0x38 main.o

.debug_aranges  0x00000000       0x40
 .debug_aranges
                0x00000000       0x20 startup.o
 .debug_aranges
                0x00000020       0x20 main.o

.debug_line     0x00000000      0x109
 .debug_line    0x00000000       0xac startup.o
 .debug_line    0x000000ac       0x5d main.o

.debug_str      0x00000000      0x183
 .debug_str     0x00000000      0x127 startup.o
                                0x15b (size before relaxing)
 .debug_str     0x00000127       0x5c main.o
                                0x118 (size before relaxing)

.comment        0x00000000       0x11
 .comment       0x00000000       0x11 startup.o
                                 0x12 (size before relaxing)
 .comment       0x00000000       0x12 main.o

.ARM.attributes
                0x00000000       0x33
 .ARM.attributes
                0x00000000       0x33 startup.o
 .ARM.attributes
                0x00000033       0x33 main.o

.debug_frame    0x00000000       0x78
 .debug_frame   0x00000000       0x4c startup.o
 .debug_frame   0x0000004c       0x2c main.o
