
Memory Configuration

Name             Origin             Length             Attributes
FLASH            0x00000000         0x04000000         xrw
*default*        0x00000000         0xffffffff

Linker script and memory map

                0x00010000                . = 0x10000

.startup        0x00010000       0x10
 startup.o(.text)
 .text          0x00010000       0x10 startup.o
                0x00010000                reset

.text           0x00010010       0x70
 *(.text)
 .text          0x00010010       0x20 app.o
                0x00010010                main
 .text          0x00010030       0x50 uart.o
                0x00010030                UART_SEND_STRING_

.glue_7         0x00010080        0x0
 .glue_7        0x00000000        0x0 linker stubs

.glue_7t        0x00010080        0x0
 .glue_7t       0x00000000        0x0 linker stubs

.vfp11_veneer   0x00010080        0x0
 .vfp11_veneer  0x00000000        0x0 linker stubs

.v4_bx          0x00010080        0x0
 .v4_bx         0x00000000        0x0 linker stubs

.iplt           0x00010080        0x0
 .iplt          0x00000000        0x0 startup.o

.rel.dyn        0x00010080        0x0
 .rel.iplt      0x00000000        0x0 startup.o

.data           0x00010080       0x64
 *(.data)
 .data          0x00010080        0x0 startup.o
 .data          0x00010080       0x64 app.o
                0x00010080                S_B
 .data          0x000100e4        0x0 uart.o
 *(.rodata)

.igot.plt       0x000100e4        0x0
 .igot.plt      0x00000000        0x0 startup.o

.bss            0x000100e4        0x0
 *(.bss)
 .bss           0x000100e4        0x0 startup.o
 .bss           0x000100e4        0x0 app.o
 .bss           0x000100e4        0x0 uart.o
                0x000110e4                . = (. + 0x1000)
                0x000110e4                Stack_Top = .
LOAD app.o
LOAD uart.o
LOAD startup.o
OUTPUT(UART_LAB.elf elf32-littlearm)

.ARM.attributes
                0x00000000       0x2e
 .ARM.attributes
                0x00000000       0x22 startup.o
 .ARM.attributes
                0x00000022       0x32 app.o
 .ARM.attributes
                0x00000054       0x32 uart.o

.comment        0x00000000       0x11
 .comment       0x00000000       0x11 app.o
                                 0x12 (size before relaxing)
 .comment       0x00000000       0x12 uart.o

.debug_line     0x00000000       0xad
 .debug_line    0x00000000       0x3a startup.o
 .debug_line    0x0000003a       0x36 app.o
 .debug_line    0x00000070       0x3d uart.o

.debug_info     0x00000000      0x12c
 .debug_info    0x00000000       0x5c startup.o
 .debug_info    0x0000005c       0x76 app.o
 .debug_info    0x000000d2       0x5a uart.o

.debug_abbrev   0x00000000       0xca
 .debug_abbrev  0x00000000       0x14 startup.o
 .debug_abbrev  0x00000014       0x65 app.o
 .debug_abbrev  0x00000079       0x51 uart.o

.debug_aranges  0x00000000       0x60
 .debug_aranges
                0x00000000       0x20 startup.o
 .debug_aranges
                0x00000020       0x20 app.o
 .debug_aranges
                0x00000040       0x20 uart.o

.debug_loc      0x00000000       0x58
 .debug_loc     0x00000000       0x2c app.o
 .debug_loc     0x0000002c       0x2c uart.o

.debug_str      0x00000000       0x71
 .debug_str     0x00000000       0x58 app.o
 .debug_str     0x00000058       0x19 uart.o
                                 0x5d (size before relaxing)

.debug_frame    0x00000000       0x54
 .debug_frame   0x00000000       0x2c app.o
 .debug_frame   0x0000002c       0x28 uart.o
