
Memory Configuration

Name             Origin             Length             Attributes
FLASH            0x00000000         0x20000000         xr
SRAM             0x20000000         0x20000000         xrw
*default*        0x00000000         0xffffffff

Linker script and memory map


.text           0x00000000      0x1a4
 *(.vectors*)
 .vectors       0x00000000       0x1c startup.o
                0x00000000                g_p_func_vectors
 *(.text*)
 .text          0x0000001c       0xbc startup.o
                0x0000001c                NMI_Handler
                0x0000001c                LL_Fault_Handler
                0x0000001c                MM_Fault_Handler
                0x0000001c                Usage_Fault_Handler
                0x0000001c                Default_Handler
                0x0000001c                MM_Bus
                0x00000028                Reset_Handler
 .text          0x000000d8       0xcc main.o
                0x000000d8                main
 *(.rodata)
                0x000001a4                _E_text_ = .

.glue_7         0x000001a4        0x0
 .glue_7        0x00000000        0x0 linker stubs

.glue_7t        0x000001a4        0x0
 .glue_7t       0x00000000        0x0 linker stubs

.vfp11_veneer   0x000001a4        0x0
 .vfp11_veneer  0x00000000        0x0 linker stubs

.v4_bx          0x000001a4        0x0
 .v4_bx         0x00000000        0x0 linker stubs

.iplt           0x000001a4        0x0
 .iplt          0x00000000        0x0 startup.o

.rel.dyn        0x000001a4        0x0
 .rel.iplt      0x00000000        0x0 startup.o

.data           0x20000000        0x0 load address 0x000001a4
                0x20000000                _S_DATA_ = .
 *(.data)
 .data          0x20000000        0x0 startup.o
 .data          0x20000000        0x0 main.o
                0x20000000                . = ALIGN (0x4)
                0x20000000                _E_DATA_ = .

.igot.plt       0x20000000        0x0 load address 0x000001a4
 .igot.plt      0x00000000        0x0 startup.o

.bss            0x20000000     0x1400 load address 0x000001a4
                0x20000000                _S_BSS_ = .
 *(.bss)
 .bss           0x20000000      0x400 startup.o
 .bss           0x20000400        0x0 main.o
                0x20000400                . = ALIGN (0x4)
                0x20000400                _E_BSS_ = .
                0x20001400                . = (. + 0x1000)
 *fill*         0x20000400     0x1000 
                0x20001400                _stack_top = .
LOAD startup.o
LOAD main.o
OUTPUT(UNIT3_LAB4_CORTEXM4.elf elf32-littlearm)

.debug_info     0x00000000      0x21d
 .debug_info    0x00000000      0x1ad startup.o
 .debug_info    0x000001ad       0x70 main.o

.debug_abbrev   0x00000000      0x141
 .debug_abbrev  0x00000000       0xda startup.o
 .debug_abbrev  0x000000da       0x67 main.o

.debug_loc      0x00000000       0x9c
 .debug_loc     0x00000000       0x64 startup.o
 .debug_loc     0x00000064       0x38 main.o

.debug_aranges  0x00000000       0x40
 .debug_aranges
                0x00000000       0x20 startup.o
 .debug_aranges
                0x00000020       0x20 main.o

.debug_line     0x00000000      0x10f
 .debug_line    0x00000000       0xac startup.o
 .debug_line    0x000000ac       0x63 main.o

.debug_str      0x00000000      0x13b
 .debug_str     0x00000000      0x129 startup.o
                                0x166 (size before relaxing)
 .debug_str     0x00000129       0x12 main.o
                                 0x59 (size before relaxing)

.comment        0x00000000       0x11
 .comment       0x00000000       0x11 startup.o
                                 0x12 (size before relaxing)
 .comment       0x00000000       0x12 main.o

.ARM.attributes
                0x00000000       0x33
 .ARM.attributes
                0x00000000       0x33 startup.o
 .ARM.attributes
                0x00000033       0x33 main.o

.debug_frame    0x00000000       0x78
 .debug_frame   0x00000000       0x4c startup.o
 .debug_frame   0x0000004c       0x2c main.o
                0x1FFFFFF8