
Memory Configuration

Name             Origin             Length             Attributes
FLASH            0x08000000         0x00020000         xr
SRAM             0x20000000         0x00005000         xrw
*default*        0x00000000         0xffffffff

Linker script and memory map


.text           0x08000000       0xe8
 *(.vectors*)
 .vectors       0x08000000       0x50 startup.o
 *(.text*)
 .text          0x08000050       0x90 main.o
                0x08000050                main
 .text          0x080000e0        0x8 startup.o
 *(.rodata)
                0x080000e8                _E_text_ = .

.glue_7         0x080000e8        0x0
 .glue_7        0x00000000        0x0 linker stubs

.glue_7t        0x080000e8        0x0
 .glue_7t       0x00000000        0x0 linker stubs

.vfp11_veneer   0x080000e8        0x0
 .vfp11_veneer  0x00000000        0x0 linker stubs

.v4_bx          0x080000e8        0x0
 .v4_bx         0x00000000        0x0 linker stubs

.iplt           0x080000e8        0x0
 .iplt          0x00000000        0x0 main.o

.rel.dyn        0x080000e8        0x0
 .rel.iplt      0x00000000        0x0 main.o

.data           0x080000e8        0x4
                0x080000e8                _S_DATA_ = .
 *(.data)
 .data          0x080000e8        0x4 main.o
                0x080000e8                access_a
 .data          0x080000ec        0x0 startup.o
                0x080000ec                . = ALIGN (0x4)
                0x080000ec                _E_DATA_ = .

.igot.plt       0x080000ec        0x0
 .igot.plt      0x00000000        0x0 main.o

.bss            0x20000000     0x1000
                0x20000000                _S_BSS_ = .
 *(.bss)
 .bss           0x20000000        0x0 main.o
 .bss           0x20000000        0x0 startup.o
                0x20000000                . = ALIGN (0x4)
                0x20000000                _E_BSS_ = .
                0x20001000                . = (. + 0x1000)
 *fill*         0x20000000     0x1000 
                0x20001000                _stack_top = .
LOAD main.o
LOAD startup.o
OUTPUT(LEARN_IN_DEPTH_COTREX-M3.elf elf32-littlearm)

.debug_info     0x00000000      0x1a0
 .debug_info    0x00000000      0x144 main.o
 .debug_info    0x00000144       0x5c startup.o

.debug_abbrev   0x00000000       0xef
 .debug_abbrev  0x00000000       0xdb main.o
 .debug_abbrev  0x000000db       0x14 startup.o

.debug_loc      0x00000000       0x38
 .debug_loc     0x00000000       0x38 main.o

.debug_aranges  0x00000000       0x40
 .debug_aranges
                0x00000000       0x20 main.o
 .debug_aranges
                0x00000020       0x20 startup.o

.debug_line     0x00000000       0x98
 .debug_line    0x00000000       0x5d main.o
 .debug_line    0x0000005d       0x3b startup.o

.debug_str      0x00000000       0xe2
 .debug_str     0x00000000       0xe2 main.o
                                0x116 (size before relaxing)

.comment        0x00000000       0x11
 .comment       0x00000000       0x11 main.o
                                 0x12 (size before relaxing)

.ARM.attributes
                0x00000000       0x31
 .ARM.attributes
                0x00000000       0x33 main.o
 .ARM.attributes
                0x00000033       0x21 startup.o

.debug_frame    0x00000000       0x2c
 .debug_frame   0x00000000       0x2c main.o
